// Jest Snapshot v1, https://goo.gl/fbAQLP

exports[`displays a \`loading..\` message when \`robots\` data are pending 1`] = `
<h1>
  Loading
</h1>
`;

exports[`expects to render the MainPage component without crashing 1`] = `
<div
  className="tc"
>
  <Header />
  <SearchBox />
  <Scroll>
    <ErrorBoundary>
      <CardList
        robots={Array []}
      />
    </ErrorBoundary>
  </Scroll>
</div>
`;
