// Vitest Snapshot v1, https://vitest.dev/guide/snapshot.html

exports[`expects to render the CardList component 1`] = `
<div>
  <div>
    <div
      class="bg-light-green dib br3 pa3 ma2 grow bw2 shadow-5"
    >
      <img
        alt="robots"
        data-nimg="1"
        decoding="async"
        height="200"
        loading="lazy"
        src="/_next/image?url=https%3A%2F%2Frobohash.org%2F1.png%3Fsize%3D200x200&w=640&q=75"
        srcset="/_next/image?url=https%3A%2F%2Frobohash.org%2F1.png%3Fsize%3D200x200&w=256&q=75 1x, /_next/image?url=https%3A%2F%2Frobohash.org%2F1.png%3Fsize%3D200x200&w=640&q=75 2x"
        style="color: transparent;"
        width="200"
      />
      <div>
        <h2
          class="f5"
        >
          John Snow
        </h2>
        <p>
          john@example.com
        </p>
      </div>
    </div>
    <div
      class="bg-light-green dib br3 pa3 ma2 grow bw2 shadow-5"
    >
      <img
        alt="robots"
        data-nimg="1"
        decoding="async"
        height="200"
        loading="lazy"
        src="/_next/image?url=https%3A%2F%2Frobohash.org%2F2.png%3Fsize%3D200x200&w=640&q=75"
        srcset="/_next/image?url=https%3A%2F%2Frobohash.org%2F2.png%3Fsize%3D200x200&w=256&q=75 1x, /_next/image?url=https%3A%2F%2Frobohash.org%2F2.png%3Fsize%3D200x200&w=640&q=75 2x"
        style="color: transparent;"
        width="200"
      />
      <div>
        <h2
          class="f5"
        >
          Kelly Gale
        </h2>
        <p>
          kelly@example.com
        </p>
      </div>
    </div>
  </div>
</div>
`;
